{
  "hist": {
    "0": 0.36,
    "1": 0.48,
    "2": 0.16
  }
}
