{
  "hist": {
    "true": 0.3743,
    "false": 0.6257
  }
}
