{
  "hist": {
    "true": 0.9,
    "false": 0.1
  }
}
