{
  "hist": {
    "true": 0.8,
    "false": 0.2
  }
}
