{
  "hist": {
    "true": 0.5,
    "false": 0.5
  }
}
