{
  "hist": {
    "[true,false]": 0.33333333333333333,
    "[false,true]": 0.33333333333333333,
    "[true,true]": 0.33333333333333333
  },
  "logZ": -0.2876820724517809
}
