{
  "hist":  {
    "0": 0.006127714048994409,
    "1": 0.15639213428456242,
    "2": 0.5029183006592407,
    "3": 0.3345618510072025
  }
}
