{
  "hist": {
    "[false,false]": 0.1049936,
    "[false,true]":  0.0142093,
    "[true,false]":  0.7758035,
    "[true,true]":   0.1049936
  }
}
