{
  "hist": {
    "0": 0.25,
    "1": 0.5,
    "2": 0.25
  }
}
