{
  "hist": {
    "true": 0.130435,
    "false": 0.869565
  }
}
