{
  "hist": {
    "true": 0.333,
    "false": 0.667
  }
}
