{
  "hist": {
    "true": 0.6886,
    "false": 0.3114
  }
}
