{
  "hist": {
    "true": 0.7836,
    "false": 0.2164
  }
}
