{
  "hist": {
    "0": 0.45,
    "1": 0.5,
    "2": 0.05
  }
}
