{
  "hist": {
    "true": 0.75,
    "false": 0.25
  }
}
