{
  "hist": {
    "{\"x\":true}": 0.66666,
    "{\"x\":false}": 0.33333
  }
}
