{
  "hist": {
    "true": 0.6379,
    "false": 0.3621
  }
}
