{
  "hist": {
    "true": 0.66666,
    "false": 0.33333
  },
  "logZ": -0.2876820724517809,
  "MAP": {
    "val": true,
    "score": -0.40546010812066435
  }
}
