{
  "hist": {
    "3": 1
  },
  "store": {
    "bar": 0
  }
}
