{
  "hist": {
    "true": 0.66666,
    "false": 0.33333
  }
}
