{
  "hist": {
    "[20,10,5]": 0.50,
    "[10]": 0.50
  }
}
