{
  "hist": {
    "1": 0.33333333,
    "2": 0.66666666
  }
}
