{
  "result": [
    ["a"],
    [["a"]],
    [["a", "b"]],
    ["a", "a"]
  ]
}
