{
  "result": [1, 2, null, null, null, 3, 4, null, 1, 3, 4, 5]
}
