{
  "result": [
    [],
    [0,2,4,6,8],
    [1,3,5,7,9],
    624975000,
    625000000,
    true,
    2,
    [0,1,2,3,4,5,6,7,8,9]
  ]
}
