{
  "result": [true, true, true, true, true, true, true, true]
}
