{
  "result": [
    [],
    [1],
    [1,2],
    [1,2,3],
    [1,2,3,4],
    [1,2,3,4,5],
    [],
    [true,true,true],
    [0,2,4],
    3,
    50000,
    1249975000,
    [],
    ["0-a","1-b","2-c","3-d"],
    "49999-49999",
    [[1,2,3,4],
     [5,6,7,8],
     [9,10,11,12]],
    [],
    [1,2,3]
  ]
}
