{
  "result": [
    [1,2,4,5,6,7],
    [2,4,7],
    [7,6,5,4,2,1],
    [0,1,2,3,4,5,6,7,8,9],
    true,
    true
  ]
}
