{
  "result": [
    "stop",
    "1-2-3-stop",
    6,
    "a--b-c--d-e-f--stop",
    50000,
    3628800,
    true,
    true,
    false,
    false,
    false,
    true,

    true,
    false
  ]
}
