{
  "result": [
    [],
    100000,
    100001,
    100002
  ]

}
