{
  "result": [
    [[], []],
    [[2],[]],
    [[0,2,4,6,8],[1,3,5,7,9]],
    [249500, 250000],
    [99990000,100000000],
    [[[], [1,2], [1,2,3,4]], [ [1],[1,2,3],[1,2,3,4,5]]]
  ]
}
