{
  "result": [
    [],
    [["a",1],["b",2],["c",3]],
    50000
  ]

}
